// Jest Snapshot v1, https://goo.gl/fbAQLP

exports[`renderiza a página de Not Found 1`] = `
<div
  className="App"
>
  <header
    className="App-header"
  >
    <img
      alt="logo"
      className="App-logo"
      src="404_website.svg"
    />
    <p>
      Paǵina não encontradada.
    </p>
    <a
      href="/"
      onClick={[Function]}
    >
      Voltar á Home
    </a>
  </header>
</div>
`;
