// Jest Snapshot v1, https://goo.gl/fbAQLP

exports[`renderiza component RoutesPrivate 1`] = `null`;
