// Jest Snapshot v1, https://goo.gl/fbAQLP

exports[`renderiza component de Menu 1`] = `
<div
  className="makeStyles-root-1"
>
  <header
    className="MuiPaper-root MuiAppBar-root MuiAppBar-positionFixed MuiAppBar-colorPrimary makeStyles-appBar-2 mui-fixed MuiPaper-elevation4"
  >
    <div
      className="MuiToolbar-root MuiToolbar-regular MuiToolbar-gutters"
    >
      <h6
        className="MuiTypography-root makeStyles-title-4 MuiTypography-h6 MuiTypography-noWrap"
      >
        <a
          className="makeStyles-title-4"
          href="/dashboard/home"
          onClick={[Function]}
        >
          Dashboard
        </a>
      </h6>
      <button
        aria-label="open drawer"
        className="MuiButtonBase-root MuiIconButton-root MuiIconButton-colorInherit MuiIconButton-edgeEnd"
        disabled={false}
        onBlur={[Function]}
        onClick={[Function]}
        onDragLeave={[Function]}
        onFocus={[Function]}
        onKeyDown={[Function]}
        onKeyUp={[Function]}
        onMouseDown={[Function]}
        onMouseLeave={[Function]}
        onMouseUp={[Function]}
        onTouchEnd={[Function]}
        onTouchMove={[Function]}
        onTouchStart={[Function]}
        tabIndex={0}
        type="button"
      >
        <span
          className="MuiIconButton-label"
        >
          <svg
            aria-hidden={true}
            className="MuiSvgIcon-root"
            focusable="false"
            viewBox="0 0 24 24"
          >
            <path
              d="M3 18h18v-2H3v2zm0-5h18v-2H3v2zm0-7v2h18V6H3z"
            />
          </svg>
        </span>
      </button>
    </div>
  </header>
  <main
    className="makeStyles-content-9"
  >
    <div
      className="makeStyles-drawerHeader-8"
    />
    <p>
      Test
    </p>
  </main>
  <div
    className="MuiDrawer-root MuiDrawer-docked makeStyles-drawer-6"
  >
    <div
      className="MuiPaper-root MuiDrawer-paper makeStyles-drawerPaper-7 MuiDrawer-paperAnchorRight MuiDrawer-paperAnchorDockedRight MuiPaper-elevation0"
      style={
        Object {
          "visibility": "hidden",
        }
      }
    >
      <div
        className="makeStyles-drawerHeader-8"
      >
        <button
          className="MuiButtonBase-root MuiIconButton-root"
          disabled={false}
          onBlur={[Function]}
          onClick={[Function]}
          onDragLeave={[Function]}
          onFocus={[Function]}
          onKeyDown={[Function]}
          onKeyUp={[Function]}
          onMouseDown={[Function]}
          onMouseLeave={[Function]}
          onMouseUp={[Function]}
          onTouchEnd={[Function]}
          onTouchMove={[Function]}
          onTouchStart={[Function]}
          tabIndex={0}
          type="button"
        >
          <span
            className="MuiIconButton-label"
          >
            <svg
              aria-hidden={true}
              className="MuiSvgIcon-root"
              focusable="false"
              viewBox="0 0 24 24"
            >
              <path
                d="M10 6L8.59 7.41 13.17 12l-4.58 4.59L10 18l6-6z"
              />
            </svg>
          </span>
        </button>
      </div>
      <hr
        className="MuiDivider-root"
      />
      <ul
        className="MuiList-root MuiList-padding"
      >
        <div
          aria-disabled={false}
          className="MuiButtonBase-root MuiListItem-root MuiListItem-gutters MuiListItem-button"
          onBlur={[Function]}
          onClick={[Function]}
          onDragLeave={[Function]}
          onFocus={[Function]}
          onKeyDown={[Function]}
          onKeyUp={[Function]}
          onMouseDown={[Function]}
          onMouseLeave={[Function]}
          onMouseUp={[Function]}
          onTouchEnd={[Function]}
          onTouchMove={[Function]}
          onTouchStart={[Function]}
          role="button"
          tabIndex={0}
        >
          <div
            className="MuiListItemIcon-root"
          >
            <svg
              aria-hidden={true}
              className="MuiSvgIcon-root"
              focusable="false"
              viewBox="0 0 24 24"
            >
              <path
                d="M21 5v14h2V5h-2zm-4 14h2V5h-2v14zM14 5H2c-.55 0-1 .45-1 1v12c0 .55.45 1 1 1h12c.55 0 1-.45 1-1V6c0-.55-.45-1-1-1zM8 7.75c1.24 0 2.25 1.01 2.25 2.25S9.24 12.25 8 12.25 5.75 11.24 5.75 10 6.76 7.75 8 7.75zM12.5 17h-9v-.75c0-1.5 3-2.25 4.5-2.25s4.5.75 4.5 2.25V17z"
              />
            </svg>
          </div>
          <div
            className="MuiListItemText-root"
          >
            <span
              className="MuiTypography-root MuiListItemText-primary MuiTypography-body1 MuiTypography-displayBlock"
            >
              Cadastrar Revendedor
            </span>
          </div>
        </div>
        <div
          aria-disabled={false}
          className="MuiButtonBase-root MuiListItem-root MuiListItem-gutters MuiListItem-button"
          onBlur={[Function]}
          onClick={[Function]}
          onDragLeave={[Function]}
          onFocus={[Function]}
          onKeyDown={[Function]}
          onKeyUp={[Function]}
          onMouseDown={[Function]}
          onMouseLeave={[Function]}
          onMouseUp={[Function]}
          onTouchEnd={[Function]}
          onTouchMove={[Function]}
          onTouchStart={[Function]}
          role="button"
          tabIndex={0}
        >
          <div
            className="MuiListItemIcon-root"
          >
            <svg
              aria-hidden={true}
              className="MuiSvgIcon-root"
              focusable="false"
              viewBox="0 0 24 24"
            >
              <path
                d="M3 13h2v-2H3v2zm0 4h2v-2H3v2zm0-8h2V7H3v2zm4 4h14v-2H7v2zm0 4h14v-2H7v2zM7 7v2h14V7H7z"
              />
            </svg>
          </div>
          <div
            className="MuiListItemText-root"
          >
            <span
              className="MuiTypography-root MuiListItemText-primary MuiTypography-body1 MuiTypography-displayBlock"
            >
              Ver Compras
            </span>
          </div>
        </div>
        <div
          aria-disabled={false}
          className="MuiButtonBase-root MuiListItem-root MuiListItem-gutters MuiListItem-button"
          onBlur={[Function]}
          onClick={[Function]}
          onDragLeave={[Function]}
          onFocus={[Function]}
          onKeyDown={[Function]}
          onKeyUp={[Function]}
          onMouseDown={[Function]}
          onMouseLeave={[Function]}
          onMouseUp={[Function]}
          onTouchEnd={[Function]}
          onTouchMove={[Function]}
          onTouchStart={[Function]}
          role="button"
          tabIndex={0}
        >
          <div
            className="MuiListItemIcon-root"
          >
            <svg
              aria-hidden={true}
              className="MuiSvgIcon-root"
              focusable="false"
              viewBox="0 0 24 24"
            >
              <path
                d="M7 18c-1.1 0-1.99.9-1.99 2S5.9 22 7 22s2-.9 2-2-.9-2-2-2zM1 2v2h2l3.6 7.59-1.35 2.45c-.16.28-.25.61-.25.96 0 1.1.9 2 2 2h12v-2H7.42c-.14 0-.25-.11-.25-.25l.03-.12.9-1.63h7.45c.75 0 1.41-.41 1.75-1.03l3.58-6.49c.08-.14.12-.31.12-.48 0-.55-.45-1-1-1H5.21l-.94-2H1zm16 16c-1.1 0-1.99.9-1.99 2s.89 2 1.99 2 2-.9 2-2-.9-2-2-2z"
              />
            </svg>
          </div>
          <div
            className="MuiListItemText-root"
          >
            <span
              className="MuiTypography-root MuiListItemText-primary MuiTypography-body1 MuiTypography-displayBlock"
            >
              Cadastrar Compra
            </span>
          </div>
        </div>
      </ul>
      <hr
        className="MuiDivider-root"
      />
      <ul
        className="MuiList-root MuiList-padding"
      >
        <div
          aria-disabled={false}
          className="MuiButtonBase-root MuiListItem-root MuiListItem-gutters MuiListItem-button"
          onBlur={[Function]}
          onClick={[Function]}
          onDragLeave={[Function]}
          onFocus={[Function]}
          onKeyDown={[Function]}
          onKeyUp={[Function]}
          onMouseDown={[Function]}
          onMouseLeave={[Function]}
          onMouseUp={[Function]}
          onTouchEnd={[Function]}
          onTouchMove={[Function]}
          onTouchStart={[Function]}
          role="button"
          tabIndex={0}
        >
          <div
            className="MuiListItemIcon-root"
          >
            <svg
              aria-hidden={true}
              className="MuiSvgIcon-root"
              focusable="false"
              viewBox="0 0 24 24"
            >
              <path
                d="M10.09 15.59L11.5 17l5-5-5-5-1.41 1.41L12.67 11H3v2h9.67l-2.58 2.59zM19 3H5c-1.11 0-2 .9-2 2v4h2V5h14v14H5v-4H3v4c0 1.1.89 2 2 2h14c1.1 0 2-.9 2-2V5c0-1.1-.9-2-2-2z"
              />
            </svg>
          </div>
          <div
            className="MuiListItemText-root"
          >
            <span
              className="MuiTypography-root MuiListItemText-primary MuiTypography-body1 MuiTypography-displayBlock"
            >
              Sair
            </span>
          </div>
        </div>
      </ul>
    </div>
  </div>
</div>
`;
